// Jest Snapshot v1, https://goo.gl/fbAQLP

exports[`GRANDstack RecentReviews component should render the latest reviews after receiving data 1`] = `"<h2 class=\\"MuiTypography-root MuiTypography-h6 MuiTypography-colorPrimary MuiTypography-gutterBottom\\">Recent Reviews</h2><table class=\\"MuiTable-root\\"><thead class=\\"MuiTableHead-root\\"><tr class=\\"MuiTableRow-root MuiTableRow-head\\"><th class=\\"MuiTableCell-root MuiTableCell-head MuiTableCell-sizeSmall\\" scope=\\"col\\">Date</th><th class=\\"MuiTableCell-root MuiTableCell-head MuiTableCell-sizeSmall\\" scope=\\"col\\">Business</th><th class=\\"MuiTableCell-root MuiTableCell-head MuiTableCell-sizeSmall\\" scope=\\"col\\">User</th><th class=\\"MuiTableCell-root MuiTableCell-head MuiTableCell-sizeSmall\\" scope=\\"col\\">Review</th><th class=\\"MuiTableCell-root MuiTableCell-head MuiTableCell-alignRight MuiTableCell-sizeSmall\\" scope=\\"col\\">Stars</th></tr></thead><tbody class=\\"MuiTableBody-root\\"><tr class=\\"MuiTableRow-root\\"><td class=\\"MuiTableCell-root MuiTableCell-body MuiTableCell-sizeSmall\\">2018.9.10</td><td class=\\"MuiTableCell-root MuiTableCell-body MuiTableCell-sizeSmall\\">Imagine Nation Brewing</td><td class=\\"MuiTableCell-root MuiTableCell-body MuiTableCell-sizeSmall\\">Angie</td><td class=\\"MuiTableCell-root MuiTableCell-body MuiTableCell-sizeSmall\\"></td><td class=\\"MuiTableCell-root MuiTableCell-body MuiTableCell-alignRight MuiTableCell-sizeSmall\\">3</td></tr><tr class=\\"MuiTableRow-root\\"><td class=\\"MuiTableCell-root MuiTableCell-body MuiTableCell-sizeSmall\\">2018.8.11</td><td class=\\"MuiTableCell-root MuiTableCell-body MuiTableCell-sizeSmall\\">Zootown Brew</td><td class=\\"MuiTableCell-root MuiTableCell-body MuiTableCell-sizeSmall\\">Angie</td><td class=\\"MuiTableCell-root MuiTableCell-body MuiTableCell-sizeSmall\\"></td><td class=\\"MuiTableCell-root MuiTableCell-body MuiTableCell-alignRight MuiTableCell-sizeSmall\\">5</td></tr><tr class=\\"MuiTableRow-root\\"><td class=\\"MuiTableCell-root MuiTableCell-body MuiTableCell-sizeSmall\\">2018.3.24</td><td class=\\"MuiTableCell-root MuiTableCell-body MuiTableCell-sizeSmall\\">Market on Front</td><td class=\\"MuiTableCell-root MuiTableCell-body MuiTableCell-sizeSmall\\">Bob</td><td class=\\"MuiTableCell-root MuiTableCell-body MuiTableCell-sizeSmall\\"></td><td class=\\"MuiTableCell-root MuiTableCell-body MuiTableCell-alignRight MuiTableCell-sizeSmall\\">4</td></tr><tr class=\\"MuiTableRow-root\\"><td class=\\"MuiTableCell-root MuiTableCell-body MuiTableCell-sizeSmall\\">2018.1.3</td><td class=\\"MuiTableCell-root MuiTableCell-body MuiTableCell-sizeSmall\\">Ninja Mike's</td><td class=\\"MuiTableCell-root MuiTableCell-body MuiTableCell-sizeSmall\\">Will</td><td class=\\"MuiTableCell-root MuiTableCell-body MuiTableCell-sizeSmall\\">Best breakfast sandwich at the Farmer's Market. Always get the works.</td><td class=\\"MuiTableCell-root MuiTableCell-body MuiTableCell-alignRight MuiTableCell-sizeSmall\\">4</td></tr><tr class=\\"MuiTableRow-root\\"><td class=\\"MuiTableCell-root MuiTableCell-body MuiTableCell-sizeSmall\\">2017.11.13</td><td class=\\"MuiTableCell-root MuiTableCell-body MuiTableCell-sizeSmall\\">Ninja Mike's</td><td class=\\"MuiTableCell-root MuiTableCell-body MuiTableCell-sizeSmall\\">Jenny</td><td class=\\"MuiTableCell-root MuiTableCell-body MuiTableCell-sizeSmall\\"></td><td class=\\"MuiTableCell-root MuiTableCell-body MuiTableCell-alignRight MuiTableCell-sizeSmall\\">5</td></tr><tr class=\\"MuiTableRow-root\\"><td class=\\"MuiTableCell-root MuiTableCell-body MuiTableCell-sizeSmall\\">2016.11.21</td><td class=\\"MuiTableCell-root MuiTableCell-body MuiTableCell-sizeSmall\\">Hanabi</td><td class=\\"MuiTableCell-root MuiTableCell-body MuiTableCell-sizeSmall\\">Jenny</td><td class=\\"MuiTableCell-root MuiTableCell-body MuiTableCell-sizeSmall\\"></td><td class=\\"MuiTableCell-root MuiTableCell-body MuiTableCell-alignRight MuiTableCell-sizeSmall\\">5</td></tr><tr class=\\"MuiTableRow-root\\"><td class=\\"MuiTableCell-root MuiTableCell-body MuiTableCell-sizeSmall\\">2016.7.14</td><td class=\\"MuiTableCell-root MuiTableCell-body MuiTableCell-sizeSmall\\">KettleHouse Brewing Co.</td><td class=\\"MuiTableCell-root MuiTableCell-body MuiTableCell-sizeSmall\\">Jenny</td><td class=\\"MuiTableCell-root MuiTableCell-body MuiTableCell-sizeSmall\\"></td><td class=\\"MuiTableCell-root MuiTableCell-body MuiTableCell-alignRight MuiTableCell-sizeSmall\\">5</td></tr><tr class=\\"MuiTableRow-root\\"><td class=\\"MuiTableCell-root MuiTableCell-body MuiTableCell-sizeSmall\\">2016.3.4</td><td class=\\"MuiTableCell-root MuiTableCell-body MuiTableCell-sizeSmall\\">Ducky's Car Wash</td><td class=\\"MuiTableCell-root MuiTableCell-body MuiTableCell-sizeSmall\\">Will</td><td class=\\"MuiTableCell-root MuiTableCell-body MuiTableCell-sizeSmall\\">Awesome full-service car wash. Love Ducky's!</td><td class=\\"MuiTableCell-root MuiTableCell-body MuiTableCell-alignRight MuiTableCell-sizeSmall\\">5</td></tr><tr class=\\"MuiTableRow-root\\"><td class=\\"MuiTableCell-root MuiTableCell-body MuiTableCell-sizeSmall\\">2016.1.3</td><td class=\\"MuiTableCell-root MuiTableCell-body MuiTableCell-sizeSmall\\">KettleHouse Brewing Co.</td><td class=\\"MuiTableCell-root MuiTableCell-body MuiTableCell-sizeSmall\\">Will</td><td class=\\"MuiTableCell-root MuiTableCell-body MuiTableCell-sizeSmall\\">Great IPA selection!</td><td class=\\"MuiTableCell-root MuiTableCell-body MuiTableCell-alignRight MuiTableCell-sizeSmall\\">4</td></tr><tr class=\\"MuiTableRow-root\\"><td class=\\"MuiTableCell-root MuiTableCell-body MuiTableCell-sizeSmall\\">2015.12.15</td><td class=\\"MuiTableCell-root MuiTableCell-body MuiTableCell-sizeSmall\\">Imagine Nation Brewing</td><td class=\\"MuiTableCell-root MuiTableCell-body MuiTableCell-sizeSmall\\">Bob</td><td class=\\"MuiTableCell-root MuiTableCell-body MuiTableCell-sizeSmall\\"></td><td class=\\"MuiTableCell-root MuiTableCell-body MuiTableCell-alignRight MuiTableCell-sizeSmall\\">4</td></tr><tr class=\\"MuiTableRow-root\\"><td class=\\"MuiTableCell-root MuiTableCell-body MuiTableCell-sizeSmall\\">2015.9.1</td><td class=\\"MuiTableCell-root MuiTableCell-body MuiTableCell-sizeSmall\\">Neo4j</td><td class=\\"MuiTableCell-root MuiTableCell-body MuiTableCell-sizeSmall\\">Will</td><td class=\\"MuiTableCell-root MuiTableCell-body MuiTableCell-sizeSmall\\">The world's leading graph database HQ!</td><td class=\\"MuiTableCell-root MuiTableCell-body MuiTableCell-alignRight MuiTableCell-sizeSmall\\">5</td></tr><tr class=\\"MuiTableRow-root\\"><td class=\\"MuiTableCell-root MuiTableCell-body MuiTableCell-sizeSmall\\">2015.8.29</td><td class=\\"MuiTableCell-root MuiTableCell-body MuiTableCell-sizeSmall\\">Missoula Public Library</td><td class=\\"MuiTableCell-root MuiTableCell-body MuiTableCell-sizeSmall\\">Will</td><td class=\\"MuiTableCell-root MuiTableCell-body MuiTableCell-sizeSmall\\">Not a great selection of books, but fortunately the inter-library loan system is good. Wifi is quite slow. Not many comfortable places to site and read. Looking forward to the new building across the street in 2020!</td><td class=\\"MuiTableCell-root MuiTableCell-body MuiTableCell-alignRight MuiTableCell-sizeSmall\\">3</td></tr></tbody></table>"`;
